[   38732ms] [ERROR] Failed to load resource: the server responded with a status of 404 (Not Found) @ http://localhost/library_betonio/public/uploads/book-covers/books%20cover/0005000047.jpg:0
[   38734ms] [ERROR] Failed to load resource: the server responded with a status of 404 (Not Found) @ http://localhost/library_betonio/public/uploads/book-covers/books%20cover/0005000040.jpg:0
[   38734ms] [ERROR] Failed to load resource: the server responded with a status of 404 (Not Found) @ http://localhost/library_betonio/public/uploads/book-covers/books%20cover/0005000025.jpg:0
[   38735ms] [ERROR] Failed to load resource: the server responded with a status of 404 (Not Found) @ http://localhost/library_betonio/public/uploads/book-covers/books%20cover/0005000052.jpg:0
[   38735ms] [ERROR] Failed to load resource: the server responded with a status of 404 (Not Found) @ http://localhost/library_betonio/public/uploads/book-covers/books%20cover/0005000039.jpg:0
[   38735ms] [ERROR] Failed to load resource: the server responded with a status of 404 (Not Found) @ http://localhost/library_betonio/public/uploads/book-covers/books%20cover/0005000014.jpg:0
[   39338ms] [ERROR] Failed to load resource: the server responded with a status of 404 (Not Found) @ http://localhost/library_betonio/public/uploads/book-covers/books%20cover/0005000035.jpg:0
[   39339ms] [ERROR] Failed to load resource: the server responded with a status of 404 (Not Found) @ http://localhost/library_betonio/public/uploads/book-covers/books%20cover/0005000033.jpg:0
[   39340ms] [ERROR] Failed to load resource: the server responded with a status of 404 (Not Found) @ http://localhost/library_betonio/public/uploads/book-covers/books%20cover/0005000011.jpg:0
[   40502ms] [ERROR] Failed to load resource: the server responded with a status of 404 (Not Found) @ http://localhost/library_betonio/public/uploads/book-covers/books%20cover/0005000042.jpg:0
[   40504ms] [ERROR] Failed to load resource: the server responded with a status of 404 (Not Found) @ http://localhost/library_betonio/public/uploads/book-covers/books%20cover/0005000023.jpg:0
[   40504ms] [ERROR] Failed to load resource: the server responded with a status of 404 (Not Found) @ http://localhost/library_betonio/public/uploads/book-covers/books%20cover/0005000009.jpg:0
[   41561ms] [ERROR] Failed to load resource: the server responded with a status of 404 (Not Found) @ http://localhost/library_betonio/public/uploads/book-covers/books%20cover/0005000047.jpg:0
[   41564ms] [ERROR] Failed to load resource: the server responded with a status of 404 (Not Found) @ http://localhost/library_betonio/public/uploads/book-covers/books%20cover/0005000040.jpg:0
[   41564ms] [ERROR] Failed to load resource: the server responded with a status of 404 (Not Found) @ http://localhost/library_betonio/public/uploads/book-covers/books%20cover/0005000025.jpg:0
[   41564ms] [ERROR] Failed to load resource: the server responded with a status of 404 (Not Found) @ http://localhost/library_betonio/public/uploads/book-covers/books%20cover/0005000052.jpg:0
[   41564ms] [ERROR] Failed to load resource: the server responded with a status of 404 (Not Found) @ http://localhost/library_betonio/public/uploads/book-covers/books%20cover/0005000039.jpg:0
[   41564ms] [ERROR] Failed to load resource: the server responded with a status of 404 (Not Found) @ http://localhost/library_betonio/public/uploads/book-covers/books%20cover/0005000014.jpg:0
[   41652ms] [ERROR] Failed to load resource: the server responded with a status of 404 (Not Found) @ http://localhost/library_betonio/public/uploads/book-covers/books%20cover/0005000035.jpg:0
[   41654ms] [ERROR] Failed to load resource: the server responded with a status of 404 (Not Found) @ http://localhost/library_betonio/public/uploads/book-covers/books%20cover/0005000033.jpg:0
[   41654ms] [ERROR] Failed to load resource: the server responded with a status of 404 (Not Found) @ http://localhost/library_betonio/public/uploads/book-covers/books%20cover/0005000011.jpg:0
[   41857ms] [ERROR] Failed to load resource: the server responded with a status of 404 (Not Found) @ http://localhost/library_betonio/public/uploads/book-covers/books%20cover/0005000025.jpg:0
[   41858ms] [ERROR] Failed to load resource: the server responded with a status of 404 (Not Found) @ http://localhost/library_betonio/public/uploads/book-covers/books%20cover/0005000047.jpg:0
[   41858ms] [ERROR] Failed to load resource: the server responded with a status of 404 (Not Found) @ http://localhost/library_betonio/public/uploads/book-covers/books%20cover/0005000039.jpg:0
[   41858ms] [ERROR] Failed to load resource: the server responded with a status of 404 (Not Found) @ http://localhost/library_betonio/public/uploads/book-covers/books%20cover/0005000052.jpg:0
[   41858ms] [ERROR] Failed to load resource: the server responded with a status of 404 (Not Found) @ http://localhost/library_betonio/public/uploads/book-covers/books%20cover/0005000040.jpg:0
[   41858ms] [ERROR] Failed to load resource: the server responded with a status of 404 (Not Found) @ http://localhost/library_betonio/public/uploads/book-covers/books%20cover/0005000014.jpg:0
[   41952ms] [ERROR] Failed to load resource: the server responded with a status of 404 (Not Found) @ http://localhost/library_betonio/public/uploads/book-covers/books%20cover/0005000035.jpg:0
[   41952ms] [ERROR] Failed to load resource: the server responded with a status of 404 (Not Found) @ http://localhost/library_betonio/public/uploads/book-covers/books%20cover/0005000011.jpg:0
[   41953ms] [ERROR] Failed to load resource: the server responded with a status of 404 (Not Found) @ http://localhost/library_betonio/public/uploads/book-covers/books%20cover/0005000033.jpg:0
[   42402ms] [ERROR] Failed to load resource: the server responded with a status of 404 (Not Found) @ http://localhost/library_betonio/public/uploads/book-covers/books%20cover/0005000023.jpg:0
[   42402ms] [ERROR] Failed to load resource: the server responded with a status of 404 (Not Found) @ http://localhost/library_betonio/public/uploads/book-covers/books%20cover/0005000009.jpg:0
[   42402ms] [ERROR] Failed to load resource: the server responded with a status of 404 (Not Found) @ http://localhost/library_betonio/public/uploads/book-covers/books%20cover/0005000042.jpg:0
[   42667ms] [ERROR] Failed to load resource: the server responded with a status of 404 (Not Found) @ http://localhost/library_betonio/public/uploads/book-covers/books%20cover/0005000049.jpg:0
[   42670ms] [ERROR] Failed to load resource: the server responded with a status of 404 (Not Found) @ http://localhost/library_betonio/public/uploads/book-covers/books%20cover/0005000008.jpg:0
[   42670ms] [ERROR] Failed to load resource: the server responded with a status of 404 (Not Found) @ http://localhost/library_betonio/public/uploads/book-covers/books%20cover/0005000045.jpg:0
[   79358ms] [ERROR] Failed to load resource: the server responded with a status of 404 (Not Found) @ http://localhost/library_betonio/public/uploads/book-covers/books%20cover/0005000025.jpg:0
[   79358ms] [ERROR] Failed to load resource: the server responded with a status of 404 (Not Found) @ http://localhost/library_betonio/public/uploads/book-covers/books%20cover/0005000011.jpg:0
[   79359ms] [ERROR] Failed to load resource: the server responded with a status of 404 (Not Found) @ http://localhost/library_betonio/public/uploads/book-covers/books%20cover/0005000042.jpg:0
[   79359ms] [ERROR] Failed to load resource: the server responded with a status of 404 (Not Found) @ http://localhost/library_betonio/public/uploads/book-covers/books%20cover/0005000047.jpg:0
[   79360ms] [ERROR] Failed to load resource: the server responded with a status of 404 (Not Found) @ http://localhost/library_betonio/public/uploads/book-covers/books%20cover/0005000033.jpg:0
[   83306ms] [VERBOSE] [DOM] Password forms should have (optionally hidden) username fields for accessibility: (More info: https://goo.gl/9p2vKq) %o @ http://localhost/library_betonio/account.php:0
[  234595ms] [ERROR] Failed to load resource: the server responded with a status of 404 (Not Found) @ http://localhost/library_betonio/public/uploads/book-covers/books%20cover/0005000025.jpg:0
[  234596ms] [ERROR] Failed to load resource: the server responded with a status of 404 (Not Found) @ http://localhost/library_betonio/public/uploads/book-covers/books%20cover/0005000047.jpg:0
[  234596ms] [ERROR] Failed to load resource: the server responded with a status of 404 (Not Found) @ http://localhost/library_betonio/public/uploads/book-covers/books%20cover/0005000040.jpg:0
[  234596ms] [ERROR] Failed to load resource: the server responded with a status of 404 (Not Found) @ http://localhost/library_betonio/public/uploads/book-covers/books%20cover/0005000052.jpg:0
[  234597ms] [ERROR] Failed to load resource: the server responded with a status of 404 (Not Found) @ http://localhost/library_betonio/public/uploads/book-covers/books%20cover/0005000014.jpg:0
[  234597ms] [ERROR] Failed to load resource: the server responded with a status of 404 (Not Found) @ http://localhost/library_betonio/public/uploads/book-covers/books%20cover/0005000039.jpg:0
[  234933ms] [ERROR] Failed to load resource: the server responded with a status of 404 (Not Found) @ http://localhost/library_betonio/public/uploads/book-covers/books%20cover/0005000035.jpg:0
[  234934ms] [ERROR] Failed to load resource: the server responded with a status of 404 (Not Found) @ http://localhost/library_betonio/public/uploads/book-covers/books%20cover/0005000033.jpg:0
[  234935ms] [ERROR] Failed to load resource: the server responded with a status of 404 (Not Found) @ http://localhost/library_betonio/public/uploads/book-covers/books%20cover/0005000011.jpg:0
[  235367ms] [ERROR] Failed to load resource: the server responded with a status of 404 (Not Found) @ http://localhost/library_betonio/public/uploads/book-covers/books%20cover/0005000042.jpg:0
[  235367ms] [ERROR] Failed to load resource: the server responded with a status of 404 (Not Found) @ http://localhost/library_betonio/public/uploads/book-covers/books%20cover/0005000023.jpg:0
[  235369ms] [ERROR] Failed to load resource: the server responded with a status of 404 (Not Found) @ http://localhost/library_betonio/public/uploads/book-covers/books%20cover/0005000009.jpg:0
[ 3419341ms] [ERROR] Failed to load resource: the server responded with a status of 404 (Not Found) @ http://localhost/library_betonio/public/uploads/book-covers/books%20cover/0005000047.jpg:0
[ 3419344ms] [ERROR] Failed to load resource: the server responded with a status of 404 (Not Found) @ http://localhost/library_betonio/public/uploads/book-covers/books%20cover/0005000025.jpg:0
[ 3419346ms] [ERROR] Failed to load resource: the server responded with a status of 404 (Not Found) @ http://localhost/library_betonio/public/uploads/book-covers/books%20cover/0005000040.jpg:0
[ 3419349ms] [ERROR] Failed to load resource: the server responded with a status of 404 (Not Found) @ http://localhost/library_betonio/public/uploads/book-covers/books%20cover/0005000052.jpg:0
[ 3419350ms] [ERROR] Failed to load resource: the server responded with a status of 404 (Not Found) @ http://localhost/library_betonio/public/uploads/book-covers/books%20cover/0005000039.jpg:0
[ 3419350ms] [ERROR] Failed to load resource: the server responded with a status of 404 (Not Found) @ http://localhost/library_betonio/public/uploads/book-covers/books%20cover/0005000014.jpg:0
[ 3422902ms] [ERROR] Failed to load resource: the server responded with a status of 404 (Not Found) @ http://localhost/library_betonio/public/uploads/book-covers/books%20cover/0005000042.jpg:0
[ 3422906ms] [ERROR] Failed to load resource: the server responded with a status of 404 (Not Found) @ http://localhost/library_betonio/public/uploads/book-covers/books%20cover/0005000011.jpg:0
[ 3422911ms] [ERROR] Failed to load resource: the server responded with a status of 404 (Not Found) @ http://localhost/library_betonio/public/uploads/book-covers/books%20cover/0005000033.jpg:0
[ 3422912ms] [ERROR] Failed to load resource: the server responded with a status of 404 (Not Found) @ http://localhost/library_betonio/public/uploads/book-covers/books%20cover/0005000047.jpg:0
[ 3422914ms] [ERROR] Failed to load resource: the server responded with a status of 404 (Not Found) @ http://localhost/library_betonio/public/uploads/book-covers/books%20cover/0005000025.jpg:0
[ 3426989ms] [ERROR] Failed to load resource: the server responded with a status of 404 (Not Found) @ http://localhost/library_betonio/public/uploads/book-covers/books%20cover/0005000025.jpg:0
[ 3426989ms] [ERROR] Failed to load resource: the server responded with a status of 404 (Not Found) @ http://localhost/library_betonio/public/uploads/book-covers/books%20cover/0005000011.jpg:0
[ 3426990ms] [ERROR] Failed to load resource: the server responded with a status of 404 (Not Found) @ http://localhost/library_betonio/public/uploads/book-covers/books%20cover/0005000033.jpg:0
[ 3426990ms] [ERROR] Failed to load resource: the server responded with a status of 404 (Not Found) @ http://localhost/library_betonio/public/uploads/book-covers/books%20cover/0005000047.jpg:0
[ 3426990ms] [ERROR] Failed to load resource: the server responded with a status of 404 (Not Found) @ http://localhost/library_betonio/public/uploads/book-covers/books%20cover/0005000042.jpg:0
[ 3755770ms] [ERROR] Failed to load resource: the server responded with a status of 404 (Not Found) @ http://localhost/library_betonio/public/uploads/book-covers/books%20cover/0005000011.jpg:0
[ 3755771ms] [ERROR] Failed to load resource: the server responded with a status of 404 (Not Found) @ http://localhost/library_betonio/public/uploads/book-covers/books%20cover/0005000025.jpg:0
[ 3755775ms] [ERROR] Failed to load resource: the server responded with a status of 404 (Not Found) @ http://localhost/library_betonio/public/uploads/book-covers/books%20cover/0005000042.jpg:0
[ 3755775ms] [ERROR] Failed to load resource: the server responded with a status of 404 (Not Found) @ http://localhost/library_betonio/public/uploads/book-covers/books%20cover/0005000033.jpg:0
[ 3755776ms] [ERROR] Failed to load resource: the server responded with a status of 404 (Not Found) @ http://localhost/library_betonio/public/uploads/book-covers/books%20cover/0005000047.jpg:0
[ 3755988ms] [ERROR] Failed to load resource: the server responded with a status of 404 (Not Found) @ http://localhost/library_betonio/public/uploads/book-covers/books%20cover/0005000025.jpg:0
[ 3755989ms] [ERROR] Failed to load resource: the server responded with a status of 404 (Not Found) @ http://localhost/library_betonio/public/uploads/book-covers/books%20cover/0005000011.jpg:0
[ 3755991ms] [ERROR] Failed to load resource: the server responded with a status of 404 (Not Found) @ http://localhost/library_betonio/public/uploads/book-covers/books%20cover/0005000042.jpg:0
[ 3755992ms] [ERROR] Failed to load resource: the server responded with a status of 404 (Not Found) @ http://localhost/library_betonio/public/uploads/book-covers/books%20cover/0005000033.jpg:0
[ 3755992ms] [ERROR] Failed to load resource: the server responded with a status of 404 (Not Found) @ http://localhost/library_betonio/public/uploads/book-covers/books%20cover/0005000047.jpg:0
[ 3768300ms] [VERBOSE] [DOM] Password forms should have (optionally hidden) username fields for accessibility: (More info: https://goo.gl/9p2vKq) %o @ http://localhost/library_betonio/account.php:0
[ 4039501ms] [ERROR] Failed to load resource: the server responded with a status of 404 (Not Found) @ http://localhost/library_betonio/public/uploads/book-covers/books%20cover/0005000025.jpg:0
[ 4039502ms] [ERROR] Failed to load resource: the server responded with a status of 404 (Not Found) @ http://localhost/library_betonio/public/uploads/book-covers/books%20cover/0005000011.jpg:0
[ 4039502ms] [ERROR] Failed to load resource: the server responded with a status of 404 (Not Found) @ http://localhost/library_betonio/public/uploads/book-covers/books%20cover/0005000042.jpg:0
[ 4039504ms] [ERROR] Failed to load resource: the server responded with a status of 404 (Not Found) @ http://localhost/library_betonio/public/uploads/book-covers/books%20cover/0005000047.jpg:0
[ 4039505ms] [ERROR] Failed to load resource: the server responded with a status of 404 (Not Found) @ http://localhost/library_betonio/public/uploads/book-covers/books%20cover/0005000033.jpg:0
[ 4047156ms] [ERROR] Failed to load resource: the server responded with a status of 404 (Not Found) @ http://localhost/library_betonio/public/uploads/book-covers/books%20cover/0005000011.jpg:0
[ 4047157ms] [ERROR] Failed to load resource: the server responded with a status of 404 (Not Found) @ http://localhost/library_betonio/public/uploads/book-covers/books%20cover/0005000025.jpg:0
[ 4047162ms] [ERROR] Failed to load resource: the server responded with a status of 404 (Not Found) @ http://localhost/library_betonio/public/uploads/book-covers/books%20cover/0005000042.jpg:0
[ 4047162ms] [ERROR] Failed to load resource: the server responded with a status of 404 (Not Found) @ http://localhost/library_betonio/public/uploads/book-covers/books%20cover/0005000033.jpg:0
[ 4047163ms] [ERROR] Failed to load resource: the server responded with a status of 404 (Not Found) @ http://localhost/library_betonio/public/uploads/book-covers/books%20cover/0005000047.jpg:0
[ 4057499ms] [ERROR] Failed to load resource: the server responded with a status of 404 (Not Found) @ http://localhost/library_betonio/public/uploads/book-covers/books%20cover/0005000047.jpg:0
[ 4057500ms] [ERROR] Failed to load resource: the server responded with a status of 404 (Not Found) @ http://localhost/library_betonio/public/uploads/book-covers/books%20cover/0005000025.jpg:0
[ 4057500ms] [ERROR] Failed to load resource: the server responded with a status of 404 (Not Found) @ http://localhost/library_betonio/public/uploads/book-covers/books%20cover/0005000040.jpg:0
[ 4057506ms] [ERROR] Failed to load resource: the server responded with a status of 404 (Not Found) @ http://localhost/library_betonio/public/uploads/book-covers/books%20cover/0005000052.jpg:0
[ 4057508ms] [ERROR] Failed to load resource: the server responded with a status of 404 (Not Found) @ http://localhost/library_betonio/public/uploads/book-covers/books%20cover/0005000014.jpg:0
[ 4057509ms] [ERROR] Failed to load resource: the server responded with a status of 404 (Not Found) @ http://localhost/library_betonio/public/uploads/book-covers/books%20cover/0005000039.jpg:0
